日志: /tmp/multi_resume_20260607_001111.log
开始时间: Sun Jun  7 12:11:11 AM CST 2026
>>> p4_dr_deeponet
2026-06-07 00:11:14.740082: I tensorflow/core/util/port.cc:110] oneDNN custom operations are on. You may see slightly different numerical results due to floating-point round-off errors from different computation orders. To turn them off, set the environment variable `TF_ENABLE_ONEDNN_OPTS=0`.
2026-06-07 00:11:14.987891: I tensorflow/core/platform/cpu_feature_guard.cc:182] This TensorFlow binary is optimized to use available CPU instructions in performance-critical operations.
To enable the following instructions: AVX2 AVX512F AVX512_VNNI AVX512_BF16 FMA, in other operations, rebuild TensorFlow with the appropriate compiler flags.
2026-06-07 00:11:17.209269: W tensorflow/compiler/tf2tensorrt/utils/py_utils.cc:38] TF-TRT Warning: Could not find TensorRT
WARNING:tensorflow:From /home/PuMengYu/anaconda3/envs/deeponet/lib/python3.9/site-packages/tensorflow/python/compat/v2_compat.py:107: disable_resource_variables (from tensorflow.python.ops.variable_scope) is deprecated and will be removed in a future version.
Instructions for updating:
non-resource variables are not supported in the long term
Using TensorFlow 2 backend.


============================================================
实验: p4_dr_deeponet
  problem=dr  扩散-反应PDE  ∂s/∂t=0.01∂²s/∂x²+0.01s²+u
  nn=opnn  stacked=False  bias=True  width=40  noise=0.0
  dim_x=2  m=100  num_train=10000  epochs=50000
============================================================

Generating operator data...
'gen_operator_data' took 4576.467356 s

Generating operator data...
'gen_operator_data' took 191.415327 s

/home/PuMengYu/anaconda3/envs/deeponet/lib/python3.9/site-packages/deepxde/maps/opnn.py:183: UserWarning: `tf.layers.dense` is deprecated and will be removed in a future version. Please use `tf.keras.layers.Dense` instead.
  return tf.layers.dense(
Compiling model...
Building operator neural network...
'build' took 0.284365 s

2026-06-07 01:30:52.239685: I tensorflow/compiler/xla/stream_executor/cuda/cuda_gpu_executor.cc:996] successful NUMA node read from SysFS had negative value (-1), but there must be at least one NUMA node, so returning NUMA node zero. See more at https://github.com/torvalds/linux/blob/v6.0/Documentation/ABI/testing/sysfs-bus-pci#L344-L355
2026-06-07 01:30:52.284341: W tensorflow/core/common_runtime/gpu/gpu_device.cc:1956] Cannot dlopen some GPU libraries. Please make sure the missing libraries mentioned above are installed properly if you would like to use GPU. Follow the guide at https://www.tensorflow.org/install/gpu for how to download and setup the required libraries for your platform.
Skipping registering GPU devices...
'compile' took 0.762804 s

2026-06-07 01:30:52.600569: I tensorflow/compiler/mlir/mlir_graph_optimization_pass.cc:353] MLIR V1 optimization pass is not enabled
Initializing variables...
Training model...

Step      Train loss    Test loss     Test metric   
0         [2.19e-01]    [2.20e-01]    [2.16e-01]    
1000      [2.61e-03]    [2.60e-03]    [2.45e-03]    
2000      [1.23e-03]    [1.22e-03]    [1.17e-03]    
日志: /tmp/multi_resume_20260607_194308.log
开始时间: Sun Jun  7 07:43:08 PM CST 2026
>>> p4_dr_deeponet
2026-06-07 19:43:08.889620: I tensorflow/core/util/port.cc:110] oneDNN custom operations are on. You may see slightly different numerical results due to floating-point round-off errors from different computation orders. To turn them off, set the environment variable `TF_ENABLE_ONEDNN_OPTS=0`.
2026-06-07 19:43:09.011544: I tensorflow/core/platform/cpu_feature_guard.cc:182] This TensorFlow binary is optimized to use available CPU instructions in performance-critical operations.
To enable the following instructions: AVX2 AVX512F AVX512_VNNI AVX512_BF16 FMA, in other operations, rebuild TensorFlow with the appropriate compiler flags.
2026-06-07 19:43:09.455435: W tensorflow/compiler/tf2tensorrt/utils/py_utils.cc:38] TF-TRT Warning: Could not find TensorRT
WARNING:tensorflow:From /home/PuMengYu/anaconda3/envs/deeponet/lib/python3.9/site-packages/tensorflow/python/compat/v2_compat.py:107: disable_resource_variables (from tensorflow.python.ops.variable_scope) is deprecated and will be removed in a future version.
Instructions for updating:
non-resource variables are not supported in the long term
Using TensorFlow 2 backend.


============================================================
实验: p4_dr_deeponet
  problem=dr  扩散-反应PDE  ∂s/∂t=0.01∂²s/∂x²+0.01s²+u
  nn=opnn  stacked=False  bias=True  width=40  noise=0.0
  dim_x=2  m=100  num_train=10000  epochs=50000
============================================================

Generating operator data...
'gen_operator_data' took 195.416967 s

Generating operator data...
'gen_operator_data' took 192.668167 s

/home/PuMengYu/anaconda3/envs/deeponet/lib/python3.9/site-packages/deepxde/maps/opnn.py:183: UserWarning: `tf.layers.dense` is deprecated and will be removed in a future version. Please use `tf.keras.layers.Dense` instead.
  return tf.layers.dense(
Compiling model...
Building operator neural network...
'build' took 0.022058 s

2026-06-07 19:49:39.083087: I tensorflow/compiler/xla/stream_executor/cuda/cuda_gpu_executor.cc:996] successful NUMA node read from SysFS had negative value (-1), but there must be at least one NUMA node, so returning NUMA node zero. See more at https://github.com/torvalds/linux/blob/v6.0/Documentation/ABI/testing/sysfs-bus-pci#L344-L355
2026-06-07 19:49:39.136584: W tensorflow/core/common_runtime/gpu/gpu_device.cc:1956] Cannot dlopen some GPU libraries. Please make sure the missing libraries mentioned above are installed properly if you would like to use GPU. Follow the guide at https://www.tensorflow.org/install/gpu for how to download and setup the required libraries for your platform.
Skipping registering GPU devices...
'compile' took 0.291192 s

2026-06-07 19:49:39.275028: I tensorflow/compiler/mlir/mlir_graph_optimization_pass.cc:353] MLIR V1 optimization pass is not enabled
Initializing variables...
Training model...

Step      Train loss    Test loss     Test metric   
0         [4.31e-01]    [4.08e-01]    [3.99e-01]    
1000      [1.51e-03]    [1.53e-03]    [1.49e-03]    
2000      [6.20e-04]    [6.39e-04]    [6.21e-04]    
3000      [3.62e-04]    [3.71e-04]    [3.59e-04]    
4000      [2.62e-04]    [2.65e-04]    [2.55e-04]    
5000      [2.01e-04]    [2.00e-04]    [1.93e-04]    
6000      [1.65e-04]    [1.64e-04]    [1.58e-04]    
7000      [1.39e-04]    [1.39e-04]    [1.33e-04]    
8000      [1.19e-04]    [1.19e-04]    [1.14e-04]    
9000      [1.02e-04]    [1.02e-04]    [9.77e-05]    
10000     [8.53e-05]    [8.49e-05]    [8.14e-05]    
11000     [9.30e-05]    [9.18e-05]    [8.82e-05]    
12000     [6.66e-05]    [6.54e-05]    [6.30e-05]    
13000     [6.26e-05]    [6.15e-05]    [5.90e-05]    
14000     [5.71e-05]    [5.65e-05]    [5.41e-05]    
15000     [5.69e-05]    [5.62e-05]    [5.42e-05]    
16000     [5.95e-05]    [5.92e-05]    [5.71e-05]    
17000     [7.93e-05]    [7.93e-05]    [7.69e-05]    
18000     [5.55e-05]    [5.52e-05]    [5.30e-05]    
19000     [4.64e-05]    [4.65e-05]    [4.47e-05]    
20000     [4.41e-05]    [4.42e-05]    [4.24e-05]    
21000     [4.30e-05]    [4.30e-05]    [4.11e-05]    
22000     [4.15e-05]    [4.16e-05]    [3.98e-05]    
23000     [4.61e-05]    [4.56e-05]    [4.31e-05]    
24000     [4.79e-05]    [4.75e-05]    [4.53e-05]    
25000     [3.91e-05]    [3.91e-05]    [3.74e-05]    
26000     [4.79e-05]    [4.75e-05]    [4.59e-05]    
27000     [4.07e-05]    [4.07e-05]    [3.91e-05]    
28000     [3.93e-05]    [3.91e-05]    [3.72e-05]    
29000     [1.36e-04]    [1.39e-04]    [1.36e-04]    
30000     [3.65e-05]    [3.66e-05]    [3.51e-05]    
31000     [4.26e-05]    [4.21e-05]    [4.06e-05]    
32000     [3.66e-05]    [3.66e-05]    [3.53e-05]    
33000     [3.83e-05]    [3.78e-05]    [3.63e-05]    
34000     [3.61e-05]    [3.60e-05]    [3.44e-05]    
35000     [6.01e-05]    [6.00e-05]    [5.68e-05]    
36000     [8.94e-05]    [8.63e-05]    [8.36e-05]    
37000     [3.47e-05]    [3.44e-05]    [3.29e-05]    
38000     [3.35e-05]    [3.34e-05]    [3.20e-05]    
39000     [3.33e-05]    [3.32e-05]    [3.17e-05]    
40000     [4.62e-05]    [4.59e-05]    [4.45e-05]    
41000     [3.49e-05]    [3.46e-05]    [3.32e-05]    
42000     [3.82e-05]    [3.81e-05]    [3.66e-05]    
43000     [3.28e-05]    [3.26e-05]    [3.13e-05]    
>>> p1_antideriv_fnn
2026-06-08 00:14:25.819058: I tensorflow/core/util/port.cc:110] oneDNN custom operations are on. You may see slightly different numerical results due to floating-point round-off errors from different computation orders. To turn them off, set the environment variable `TF_ENABLE_ONEDNN_OPTS=0`.
2026-06-08 00:14:25.961097: I tensorflow/core/platform/cpu_feature_guard.cc:182] This TensorFlow binary is optimized to use available CPU instructions in performance-critical operations.
To enable the following instructions: AVX2 AVX512F AVX512_VNNI AVX512_BF16 FMA, in other operations, rebuild TensorFlow with the appropriate compiler flags.
2026-06-08 00:14:26.455951: W tensorflow/compiler/tf2tensorrt/utils/py_utils.cc:38] TF-TRT Warning: Could not find TensorRT
WARNING:tensorflow:From /home/PuMengYu/anaconda3/envs/deeponet/lib/python3.9/site-packages/tensorflow/python/compat/v2_compat.py:107: disable_resource_variables (from tensorflow.python.ops.variable_scope) is deprecated and will be removed in a future version.
Instructions for updating:
non-resource variables are not supported in the long term
Using TensorFlow 2 backend.


============================================================
实验: p1_antideriv_fnn
  problem=antideriv  反导数  G(u)(y)=∫₀ʸu(t)dt
  nn=fnn  stacked=False  bias=False  width=40  noise=0.0
  dim_x=1  m=100  num_train=10000  epochs=50000
============================================================

Generating operator data...
'gen_operator_data' took 14.876358 s

Generating operator data...
'gen_operator_data' took 543.028442 s

/home/PuMengYu/anaconda3/envs/deeponet/lib/python3.9/site-packages/deepxde/maps/fnn.py:105: UserWarning: `tf.layers.dense` is deprecated and will be removed in a future version. Please use `tf.keras.layers.Dense` instead.
  return tf.layers.dense(
Compiling model...
Building feed-forward neural network...
'build' took 0.055496 s

2026-06-08 00:23:46.307775: I tensorflow/compiler/xla/stream_executor/cuda/cuda_gpu_executor.cc:996] successful NUMA node read from SysFS had negative value (-1), but there must be at least one NUMA node, so returning NUMA node zero. See more at https://github.com/torvalds/linux/blob/v6.0/Documentation/ABI/testing/sysfs-bus-pci#L344-L355
2026-06-08 00:23:46.351547: W tensorflow/core/common_runtime/gpu/gpu_device.cc:1956] Cannot dlopen some GPU libraries. Please make sure the missing libraries mentioned above are installed properly if you would like to use GPU. Follow the guide at https://www.tensorflow.org/install/gpu for how to download and setup the required libraries for your platform.
Skipping registering GPU devices...
'compile' took 0.381090 s

2026-06-08 00:23:46.538944: I tensorflow/compiler/mlir/mlir_graph_optimization_pass.cc:353] MLIR V1 optimization pass is not enabled
Initializing variables...
Training model...

Step      Train loss    Test loss     Test metric   
0         [8.00e-01]    [7.78e-01]    [7.65e-01]    
1000      [2.26e-03]    [3.47e-03]    [3.34e-03]    
2000      [1.10e-03]    [1.92e-03]    [1.84e-03]    
3000      [7.08e-04]    [1.35e-03]    [1.29e-03]    
4000      [5.39e-04]    [1.10e-03]    [1.06e-03]    
5000      [5.08e-04]    [9.99e-04]    [9.55e-04]    
6000      [7.04e-04]    [1.17e-03]    [1.12e-03]    
7000      [3.49e-04]    [7.60e-04]    [7.26e-04]    
8000      [2.85e-04]    [6.82e-04]    [6.47e-04]    
9000      [2.36e-04]    [6.07e-04]    [5.77e-04]    
10000     [3.10e-04]    [6.71e-04]    [6.36e-04]    
11000     [1.73e-04]    [5.25e-04]    [4.95e-04]    
12000     [1.68e-04]    [5.14e-04]    [4.84e-04]    
13000     [2.32e-04]    [5.74e-04]    [5.43e-04]    
14000     [5.33e-04]    [8.83e-04]    [8.41e-04]    
15000     [3.65e-04]    [6.81e-04]    [6.53e-04]    
16000     [1.93e-04]    [5.01e-04]    [4.71e-04]    
17000     [1.38e-04]    [4.39e-04]    [4.11e-04]    
18000     [1.19e-04]    [4.20e-04]    [3.94e-04]    
19000     [1.23e-04]    [4.17e-04]    [3.91e-04]    
20000     [1.39e-04]    [4.30e-04]    [4.05e-04]    
21000     [1.25e-04]    [4.21e-04]    [3.92e-04]    
22000     [1.97e-04]    [4.76e-04]    [4.52e-04]    
23000     [1.33e-04]    [4.25e-04]    [3.97e-04]    
24000     [9.52e-05]    [3.87e-04]    [3.60e-04]    
25000     [9.14e-05]    [3.78e-04]    [3.54e-04]    
26000     [9.35e-05]    [3.82e-04]    [3.57e-04]    
27000     [9.43e-05]    [3.87e-04]    [3.59e-04]    
28000     [8.44e-05]    [3.75e-04]    [3.49e-04]    
29000     [7.68e-05]    [3.66e-04]    [3.41e-04]    
30000     [8.71e-05]    [3.74e-04]    [3.50e-04]    
31000     [7.48e-05]    [3.62e-04]    [3.39e-04]    
32000     [7.61e-05]    [3.61e-04]    [3.38e-04]    
33000     [1.03e-04]    [3.90e-04]    [3.64e-04]    
34000     [7.82e-05]    [3.61e-04]    [3.39e-04]    
35000     [7.28e-05]    [3.62e-04]    [3.37e-04]    
36000     [8.17e-05]    [3.66e-04]    [3.44e-04]    
37000     [6.54e-05]    [3.54e-04]    [3.30e-04]    
38000     [7.09e-05]    [3.57e-04]    [3.34e-04]    
39000     [9.19e-05]    [3.72e-04]    [3.51e-04]    
40000     [1.39e-04]    [4.30e-04]    [4.04e-04]    
41000     [7.34e-05]    [3.58e-04]    [3.35e-04]    
42000     [6.41e-05]    [3.50e-04]    [3.28e-04]    
43000     [6.59e-05]    [3.54e-04]    [3.31e-04]    
44000     [6.13e-05]    [3.48e-04]    [3.25e-04]    
45000     [6.84e-05]    [3.50e-04]    [3.29e-04]    
46000     [4.29e-04]    [7.14e-04]    [6.84e-04]    
47000     [9.59e-05]    [3.79e-04]    [3.58e-04]    
48000     [9.17e-05]    [3.76e-04]    [3.54e-04]    
49000     [9.93e-05]    [3.87e-04]    [3.63e-04]    
50000     [6.64e-05]    [3.52e-04]    [3.30e-04]    

Best model at step 44000:
  train loss: 6.13e-05
  test loss: 3.48e-04
  test metric: [3.25e-04]

'train' took 2281.511369 s

参数量: 14721
Restoring model from model_p1_antideriv_fnn/model.ckpt-44000 ...

Test MSE: 0.00034753503434627506
Test MSE w/o outliers: 0.000325214367851324

Saving loss history to /home/PuMengYu/deeponet-master/src/results/loss_p1_antideriv_fnn.dat ...
Saving training data to /home/PuMengYu/deeponet-master/src/results/train_p1_antideriv_fnn.dat ...
Saving test data to /home/PuMengYu/deeponet-master/src/results/test_p1_antideriv_fnn.dat ...
预测数据已保存: results/pred_p1_antideriv_fnn.csv

[RESULT] tag=p1_antideriv_fnn  problem=antideriv  best_train=6.132e-05  best_test=3.475e-04

>>> p2_nonlinear_fnn
2026-06-08 01:01:50.860681: I tensorflow/core/util/port.cc:110] oneDNN custom operations are on. You may see slightly different numerical results due to floating-point round-off errors from different computation orders. To turn them off, set the environment variable `TF_ENABLE_ONEDNN_OPTS=0`.
2026-06-08 01:01:50.957105: I tensorflow/core/platform/cpu_feature_guard.cc:182] This TensorFlow binary is optimized to use available CPU instructions in performance-critical operations.
To enable the following instructions: AVX2 AVX512F AVX512_VNNI AVX512_BF16 FMA, in other operations, rebuild TensorFlow with the appropriate compiler flags.
2026-06-08 01:01:51.434231: W tensorflow/compiler/tf2tensorrt/utils/py_utils.cc:38] TF-TRT Warning: Could not find TensorRT
WARNING:tensorflow:From /home/PuMengYu/anaconda3/envs/deeponet/lib/python3.9/site-packages/tensorflow/python/compat/v2_compat.py:107: disable_resource_variables (from tensorflow.python.ops.variable_scope) is deprecated and will be removed in a future version.
Instructions for updating:
non-resource variables are not supported in the long term
Using TensorFlow 2 backend.


============================================================
实验: p2_nonlinear_fnn
  problem=nonlinear  非线性ODE  ds/dx=-s²+u
  nn=fnn  stacked=False  bias=False  width=40  noise=0.0
  dim_x=1  m=100  num_train=10000  epochs=50000
============================================================

Generating operator data...
'gen_operator_data' took 15.216314 s

Generating operator data...
'gen_operator_data' took 14.929534 s

/home/PuMengYu/anaconda3/envs/deeponet/lib/python3.9/site-packages/deepxde/maps/fnn.py:105: UserWarning: `tf.layers.dense` is deprecated and will be removed in a future version. Please use `tf.keras.layers.Dense` instead.
  return tf.layers.dense(
Compiling model...
Building feed-forward neural network...
'build' took 0.015770 s

2026-06-08 01:02:23.396555: I tensorflow/compiler/xla/stream_executor/cuda/cuda_gpu_executor.cc:996] successful NUMA node read from SysFS had negative value (-1), but there must be at least one NUMA node, so returning NUMA node zero. See more at https://github.com/torvalds/linux/blob/v6.0/Documentation/ABI/testing/sysfs-bus-pci#L344-L355
2026-06-08 01:02:23.430724: W tensorflow/core/common_runtime/gpu/gpu_device.cc:1956] Cannot dlopen some GPU libraries. Please make sure the missing libraries mentioned above are installed properly if you would like to use GPU. Follow the guide at https://www.tensorflow.org/install/gpu for how to download and setup the required libraries for your platform.
Skipping registering GPU devices...
'compile' took 0.260911 s

2026-06-08 01:02:23.557564: I tensorflow/compiler/mlir/mlir_graph_optimization_pass.cc:353] MLIR V1 optimization pass is not enabled
Initializing variables...
Training model...

Step      Train loss    Test loss     Test metric   
0         [1.05e+00]    [1.01e+00]    [9.93e-01]    
1000      [1.26e-02]    [1.38e-02]    [9.18e-03]    
2000      [4.34e-03]    [1.06e-02]    [5.83e-03]    
3000      [3.48e-03]    [1.11e-02]    [5.89e-03]    
4000      [1.70e-03]    [8.63e-03]    [3.94e-03]    
5000      [1.46e-03]    [7.94e-03]    [3.46e-03]    
6000      [1.31e-03]    [7.53e-03]    [3.20e-03]    
7000      [1.01e-03]    [7.57e-03]    [2.93e-03]    
8000      [7.82e-04]    [6.93e-03]    [2.58e-03]    
9000      [8.63e-04]    [6.70e-03]    [2.52e-03]    
10000     [1.06e-03]    [6.48e-03]    [2.51e-03]    
11000     [6.07e-04]    [6.22e-03]    [2.15e-03]    
12000     [8.53e-04]    [6.31e-03]    [2.31e-03]    
13000     [4.99e-04]    [6.09e-03]    [1.97e-03]    
14000     [4.58e-04]    [6.10e-03]    [1.93e-03]    
15000     [4.58e-04]    [6.22e-03]    [1.94e-03]    
16000     [4.38e-04]    [6.03e-03]    [1.88e-03]    
17000     [3.86e-04]    [6.10e-03]    [1.83e-03]    
18000     [1.18e-03]    [7.39e-03]    [2.58e-03]    
19000     [4.13e-04]    [6.37e-03]    [1.86e-03]    
20000     [4.19e-04]    [6.02e-03]    [1.80e-03]    
21000     [3.24e-04]    [6.19e-03]    [1.75e-03]    
22000     [3.18e-04]    [6.08e-03]    [1.73e-03]    
23000     [3.45e-04]    [5.84e-03]    [1.69e-03]    
24000     [2.94e-04]    [6.03e-03]    [1.68e-03]    
25000     [4.51e-04]    [6.01e-03]    [1.74e-03]    
26000     [3.36e-04]    [6.11e-03]    [1.72e-03]    
27000     [2.63e-04]    [5.86e-03]    [1.64e-03]    
28000     [3.86e-04]    [5.83e-03]    [1.73e-03]    
29000     [2.43e-04]    [5.89e-03]    [1.62e-03]    
30000     [2.54e-04]    [5.83e-03]    [1.61e-03]    
31000     [2.66e-04]    [5.87e-03]    [1.64e-03]    
32000     [4.60e-04]    [6.51e-03]    [1.80e-03]    
33000     [2.19e-04]    [5.99e-03]    [1.58e-03]    
34000     [2.52e-04]    [5.91e-03]    [1.61e-03]    
35000     [1.35e-03]    [6.12e-03]    [2.27e-03]    
36000     [2.76e-04]    [5.86e-03]    [1.56e-03]    
37000     [3.29e-04]    [6.58e-03]    [1.64e-03]    
38000     [1.93e-04]    [6.19e-03]    [1.55e-03]    
39000     [1.89e-04]    [6.26e-03]    [1.56e-03]    
40000     [2.57e-04]    [6.31e-03]    [1.60e-03]    
41000     [1.81e-04]    [6.36e-03]    [1.55e-03]    
42000     [2.87e-04]    [6.47e-03]    [1.67e-03]    
43000     [2.25e-04]    [6.50e-03]    [1.58e-03]    
44000     [1.72e-04]    [6.44e-03]    [1.55e-03]    
45000     [1.69e-04]    [6.46e-03]    [1.54e-03]    
46000     [1.67e-04]    [6.40e-03]    [1.54e-03]    
47000     [2.73e-04]    [6.35e-03]    [1.59e-03]    
48000     [1.60e-04]    [6.60e-03]    [1.54e-03]    
49000     [4.32e-04]    [7.18e-03]    [1.77e-03]    
50000     [3.58e-04]    [7.09e-03]    [1.72e-03]    

Best model at step 48000:
  train loss: 1.60e-04
  test loss: 6.60e-03
  test metric: [1.54e-03]

'train' took 117.007045 s

参数量: 14721
Restoring model from model_p2_nonlinear_fnn/model.ckpt-48000 ...

Test MSE: 0.006604295524150203
Test MSE w/o outliers: 0.001541337504413812

Saving loss history to /home/PuMengYu/deeponet-master/src/results/loss_p2_nonlinear_fnn.dat ...
Saving training data to /home/PuMengYu/deeponet-master/src/results/train_p2_nonlinear_fnn.dat ...
Saving test data to /home/PuMengYu/deeponet-master/src/results/test_p2_nonlinear_fnn.dat ...
预测数据已保存: results/pred_p2_nonlinear_fnn.csv

[RESULT] tag=p2_nonlinear_fnn  problem=nonlinear  best_train=1.596e-04  best_test=6.604e-03

>>> p3_pendulum_fnn
2026-06-08 01:04:23.269717: I tensorflow/core/util/port.cc:110] oneDNN custom operations are on. You may see slightly different numerical results due to floating-point round-off errors from different computation orders. To turn them off, set the environment variable `TF_ENABLE_ONEDNN_OPTS=0`.
2026-06-08 01:04:23.363473: I tensorflow/core/platform/cpu_feature_guard.cc:182] This TensorFlow binary is optimized to use available CPU instructions in performance-critical operations.
To enable the following instructions: AVX2 AVX512F AVX512_VNNI AVX512_BF16 FMA, in other operations, rebuild TensorFlow with the appropriate compiler flags.
2026-06-08 01:04:23.802653: W tensorflow/compiler/tf2tensorrt/utils/py_utils.cc:38] TF-TRT Warning: Could not find TensorRT
WARNING:tensorflow:From /home/PuMengYu/anaconda3/envs/deeponet/lib/python3.9/site-packages/tensorflow/python/compat/v2_compat.py:107: disable_resource_variables (from tensorflow.python.ops.variable_scope) is deprecated and will be removed in a future version.
Instructions for updating:
non-resource variables are not supported in the long term
Using TensorFlow 2 backend.


============================================================
实验: p3_pendulum_fnn
  problem=pendulum  重力摆ODE  s̈=-k·sin(s)+u(t)
  nn=fnn  stacked=False  bias=False  width=40  noise=0.0
  dim_x=1  m=100  num_train=10000  epochs=50000
============================================================

Generating operator data...
'gen_operator_data' took 16.180275 s

Generating operator data...
'gen_operator_data' took 16.035135 s

/home/PuMengYu/anaconda3/envs/deeponet/lib/python3.9/site-packages/deepxde/maps/fnn.py:105: UserWarning: `tf.layers.dense` is deprecated and will be removed in a future version. Please use `tf.keras.layers.Dense` instead.
  return tf.layers.dense(
Compiling model...
Building feed-forward neural network...
'build' took 0.015319 s

2026-06-08 01:04:57.453451: I tensorflow/compiler/xla/stream_executor/cuda/cuda_gpu_executor.cc:996] successful NUMA node read from SysFS had negative value (-1), but there must be at least one NUMA node, so returning NUMA node zero. See more at https://github.com/torvalds/linux/blob/v6.0/Documentation/ABI/testing/sysfs-bus-pci#L344-L355
2026-06-08 01:04:57.471796: W tensorflow/core/common_runtime/gpu/gpu_device.cc:1956] Cannot dlopen some GPU libraries. Please make sure the missing libraries mentioned above are installed properly if you would like to use GPU. Follow the guide at https://www.tensorflow.org/install/gpu for how to download and setup the required libraries for your platform.
Skipping registering GPU devices...
'compile' took 0.226358 s

2026-06-08 01:04:57.582753: I tensorflow/compiler/mlir/mlir_graph_optimization_pass.cc:353] MLIR V1 optimization pass is not enabled
Initializing variables...
Training model...

Step      Train loss    Test loss     Test metric   
0         [3.68e-01]    [3.60e-01]    [3.52e-01]    
1000      [6.50e-04]    [9.79e-04]    [9.31e-04]    
2000      [2.87e-04]    [4.82e-04]    [4.58e-04]    
3000      [2.17e-04]    [3.59e-04]    [3.43e-04]    
4000      [1.48e-04]    [2.60e-04]    [2.46e-04]    
5000      [1.39e-04]    [2.35e-04]    [2.18e-04]    
6000      [8.61e-05]    [1.54e-04]    [1.46e-04]    
7000      [6.21e-05]    [1.19e-04]    [1.12e-04]    
8000      [4.66e-05]    [9.56e-05]    [8.97e-05]    
9000      [3.87e-05]    [8.24e-05]    [7.56e-05]    
10000     [3.81e-05]    [7.25e-05]    [6.77e-05]    
11000     [2.59e-05]    [5.66e-05]    [5.25e-05]    
12000     [2.00e-05]    [4.87e-05]    [4.47e-05]    
13000     [3.46e-05]    [6.26e-05]    [5.69e-05]    
14000     [2.57e-05]    [5.00e-05]    [4.55e-05]    
15000     [2.15e-05]    [4.32e-05]    [3.95e-05]    
16000     [1.74e-05]    [3.74e-05]    [3.51e-05]    
17000     [1.99e-05]    [4.06e-05]    [3.69e-05]    
18000     [1.49e-04]    [1.81e-04]    [1.57e-04]    
19000     [5.01e-05]    [6.81e-05]    [6.12e-05]    
20000     [5.16e-05]    [6.57e-05]    [6.00e-05]    
21000     [3.43e-05]    [4.78e-05]    [4.43e-05]    
22000     [2.76e-05]    [3.96e-05]    [3.70e-05]    
23000     [1.93e-05]    [2.89e-05]    [2.68e-05]    
24000     [1.22e-05]    [2.09e-05]    [1.91e-05]    
25000     [1.61e-05]    [2.45e-05]    [2.29e-05]    
26000     [1.92e-05]    [2.69e-05]    [2.53e-05]    
27000     [1.60e-05]    [2.31e-05]    [2.09e-05]    
28000     [1.39e-05]    [1.97e-05]    [1.83e-05]    
29000     [8.97e-06]    [1.54e-05]    [1.42e-05]    
30000     [1.98e-05]    [2.60e-05]    [2.42e-05]    
31000     [2.19e-05]    [2.86e-05]    [2.60e-05]    
32000     [5.94e-06]    [1.23e-05]    [1.12e-05]    
33000     [1.19e-05]    [1.76e-05]    [1.61e-05]    
34000     [3.74e-06]    [1.02e-05]    [9.09e-06]    
35000     [3.19e-06]    [9.73e-06]    [8.48e-06]    
36000     [8.49e-06]    [1.47e-05]    [1.30e-05]    
37000     [2.68e-06]    [9.16e-06]    [7.85e-06]    
38000     [3.49e-06]    [1.00e-05]    [8.67e-06]    
39000     [1.92e-05]    [2.27e-05]    [2.10e-05]    
40000     [6.44e-06]    [1.00e-05]    [9.02e-06]    
41000     [2.82e-06]    [6.94e-06]    [6.12e-06]    
42000     [5.90e-06]    [9.61e-06]    [8.71e-06]    
43000     [4.79e-06]    [8.64e-06]    [7.71e-06]    
44000     [1.04e-05]    [1.50e-05]    [1.41e-05]    
45000     [6.62e-06]    [1.08e-05]    [1.00e-05]    
46000     [5.89e-06]    [1.01e-05]    [9.25e-06]    
47000     [4.17e-06]    [8.21e-06]    [7.40e-06]    
48000     [3.90e-06]    [7.76e-06]    [6.96e-06]    
49000     [4.62e-06]    [8.28e-06]    [7.64e-06]    
50000     [6.77e-06]    [1.03e-05]    [9.33e-06]    

Best model at step 37000:
  train loss: 2.68e-06
  test loss: 9.16e-06
  test metric: [7.85e-06]

'train' took 1904.526333 s

参数量: 14721
Restoring model from model_p3_pendulum_fnn/model.ckpt-37000 ...

Test MSE: 9.164571109057807e-06
Test MSE w/o outliers: 7.845735348978376e-06

Saving loss history to /home/PuMengYu/deeponet-master/src/results/loss_p3_pendulum_fnn.dat ...
Saving training data to /home/PuMengYu/deeponet-master/src/results/train_p3_pendulum_fnn.dat ...
Saving test data to /home/PuMengYu/deeponet-master/src/results/test_p3_pendulum_fnn.dat ...
预测数据已保存: results/pred_p3_pendulum_fnn.csv

[RESULT] tag=p3_pendulum_fnn  problem=pendulum  best_train=2.676e-06  best_test=9.165e-06

>>> p4_dr_fnn
2026-06-08 01:36:49.037965: I tensorflow/core/util/port.cc:110] oneDNN custom operations are on. You may see slightly different numerical results due to floating-point round-off errors from different computation orders. To turn them off, set the environment variable `TF_ENABLE_ONEDNN_OPTS=0`.
2026-06-08 01:36:49.141636: I tensorflow/core/platform/cpu_feature_guard.cc:182] This TensorFlow binary is optimized to use available CPU instructions in performance-critical operations.
To enable the following instructions: AVX2 AVX512F AVX512_VNNI AVX512_BF16 FMA, in other operations, rebuild TensorFlow with the appropriate compiler flags.
2026-06-08 01:36:49.687295: W tensorflow/compiler/tf2tensorrt/utils/py_utils.cc:38] TF-TRT Warning: Could not find TensorRT
WARNING:tensorflow:From /home/PuMengYu/anaconda3/envs/deeponet/lib/python3.9/site-packages/tensorflow/python/compat/v2_compat.py:107: disable_resource_variables (from tensorflow.python.ops.variable_scope) is deprecated and will be removed in a future version.
Instructions for updating:
non-resource variables are not supported in the long term
Using TensorFlow 2 backend.


============================================================
实验: p4_dr_fnn
  problem=dr  扩散-反应PDE  ∂s/∂t=0.01∂²s/∂x²+0.01s²+u
  nn=fnn  stacked=False  bias=False  width=40  noise=0.0
  dim_x=2  m=100  num_train=10000  epochs=50000
============================================================

Generating operator data...
全部完成
/home/PuMengYu/deeponet-master/results_multi/log_p1_antideriv_deeponet.txt:[RESULT] tag=p1_antideriv_deeponet  problem=antideriv  best_train=1.519e-06  best_test=2.085e-06
/home/PuMengYu/deeponet-master/results_multi/log_p1_antideriv_fnn.txt:[RESULT] tag=p1_antideriv_fnn  problem=antideriv  best_train=6.132e-05  best_test=3.475e-04
/home/PuMengYu/deeponet-master/results_multi/log_p2_nonlinear_deeponet.txt:[RESULT] tag=p2_nonlinear_deeponet  problem=nonlinear  best_train=1.997e-05  best_test=7.794e-04
/home/PuMengYu/deeponet-master/results_multi/log_p2_nonlinear_fnn.txt:[RESULT] tag=p2_nonlinear_fnn  problem=nonlinear  best_train=1.596e-04  best_test=6.604e-03
/home/PuMengYu/deeponet-master/results_multi/log_p3_pendulum_deeponet.txt:[RESULT] tag=p3_pendulum_deeponet  problem=pendulum  best_train=5.452e-08  best_test=6.620e-08
/home/PuMengYu/deeponet-master/results_multi/log_p3_pendulum_fnn.txt:[RESULT] tag=p3_pendulum_fnn  problem=pendulum  best_train=2.676e-06  best_test=9.165e-06
结束时间: Mon Jun  8 02:22:59 AM CST 2026
